## AND

true
true
false

## OR 

true
true
false

## NOT

false
true
false

## MISC


true
false
false
true

## INTERFACES

false nil
true 10
false ""
true "hello"
true []int{1, 2, 3}
false []int{}
false []int(nil)

false nil
true 10
false ""
true "hello"
true []int{1, 2, 3}
false []int{}
false []int(nil)

false nil
true 10
false ""
true "hello"
true []int{1, 2, 3}
false []int{}
false []int(nil)

## SLICES

[]int(nil):           false
[]int{}:              false
[]int{1, 2, 3}:       true
[]string{"", "", ""}: true