## AND

true
true
false

## OR 

true
true
false

## NOT

false
true
false

## MISC


true
false
false
true

## INTERFACES

false nil
true 10
false ""
true "hello"
true []int{1, 2, 3}
false []int{}
false []int(nil)

false nil
true 10
false ""
true "hello"
true []int{1, 2, 3}
false []int{}
false []int(nil)

false nil
true 10
false ""
true "hello"
true []int{1, 2, 3}
false []int{}
false []int(nil)

## SLICES

[]int(nil):           false
[]int{}:              false
[]int{1, 2, 3}:       true
[]string{"", "", ""}: true

## MAPS

map[string]int(nil):    false
map[string]int{}:       false
map[string]int{"a": 1}: true

## CHANNELS

(chan int)(nil): false
(chan []int)(nil): false
make(chan string, 0): true
make(chan string, 10): true

## STRUCT WITH IsTrue method

testpkg.True{true}:      true
testpkg.True{false}:     false
(*testpkg.TruePtr)(nil): false
&testpkg.TruePtr{true}:  true
&testpkg.TruePtr{false}: false

## Functions

var f func():      false
var f = func() {}: true

## Time

time.Time{}: false
time.Now():  true
