Extended

<head>Page head</head>


  
  
  <h1>Page title</h1>
  
  
  
  <h2></h2>
  
, , , , , , , , ,  0, 0, 0, 0, 0, 0, 0, 0, 0, 0

  
  
    Macro banner

  
  
  <h2></h2>
  
  
  
  
  
  <h2></h2>
  <div class="top-sellers">
    
, , , , , , , , ,  0, 0, 0, 0, 0, 0, 0, 0, 0, 0

  </div>
  
  
  
  <h2></h2>