
\# heading

heading
\-\-\-

heading
\=\=\=

 text text 
 text	text 

\*\*bold\*\*
\_\_bold\_\_

\*italic\*

\*\*\*bold and italic\*\*\*

\> blockquotes
\>\> nested blockquotes

\> \#\#\#\# blockquote with heading

1\. ordered list
    1\. indented ordered list

\- unordered list
\+ unordered list
\* unordered list

\!\[image\]\(/assets/images/image\.png\)

\`code\`
\`\`code\`\`
\`\`\`code\`\`\`

    code block
 code block

    a
    ***b***
	a
	***b***

\*\*\*
\-\-\-
\_\_\_

\[markdown\]\(https://en\.wikipedia\.org/wiki/Markdown\)
\[markdown\]\(https://en\.wikipedia\.org/wiki/Markdown "title"\)

\<https://en\.wikipedia\.org/wiki/Markdown\>
\<name@example\.com\>

\[\`code\`\]\(\#code\)

\[\!\[markdown image\]\(/assets/images/image\.jpg "markdown"\)\]\(https://en\.wikipedia\.org/wiki/Markdown\)

\\\*

\<em\>word\</em\>

\|   \|   \|   \|   \|   \|
\|\-\-\-\|\-\-\-\|\-\-\-\|\-\-\-\|\-\-\-\|
