
    {% extends "layout.html" %}
    {% import "banners.html" %}
    {% macro Body %}
    <ul>
        {% for _, product := range products %}
        <li><a href="{{ product.URL }}">{{ product.Name }}</a></li>
        {% end %}
    </ul>
    {% include "pagination.html" %}
    {# show the banner #}
    {% show Banner() %}
    {## verbatim text ##}
    {% end %}
